C51 COMPILER V9.54   DS3231                                                                12/05/2021 16:18:11 PAGE 1   


C51 COMPILER V9.54, COMPILATION OF MODULE DS3231
OBJECT MODULE PLACED IN .\Objects\DS3231.obj
COMPILER INVOKED BY: C:\Keil_v5\C51\BIN\C51.EXE DS3231.c OPTIMIZE(8,SPEED) BROWSE DEBUG OBJECTEXTEND PRINT(.\Listings\DS
                    -3231.lst) TABS(2) OBJECT(.\Objects\DS3231.obj)

line level    source

   1          #include "Includes.h"
   2          
   3          void Read_Bytes_From_DS3231_RTC(u8 Address, u8* pData, u8 NoOfBytes)
   4          {
   5   1        u8 xdata i;
   6   1        I2C_Start();
   7   1        I2C_SendData(Device_Address_DS3231_EEPROM);
   8   1        I2C_RecvACK();
   9   1        I2C_SendData(Address);
  10   1        I2C_RecvACK();
  11   1        I2C_Start();
  12   1        I2C_SendData(Device_Address_DS3231_EEPROM + 1);
  13   1        I2C_RecvACK();
  14   1      
  15   1        pData[0] = I2C_RecvData();
  16   1        for(i=1;i<NoOfBytes;i++)
  17   1        {
  18   2          I2C_SendACK();
  19   2          pData[i] = I2C_RecvData();
  20   2        }
  21   1        I2C_SendNAK();
  22   1        I2C_Stop();
  23   1      }
  24          
  25          void Write_Bytes_To_DS3231_RTC(u8 Address,u8* pData,u8 NoOfBytes)
  26          {
  27   1        u8 xdata i;
  28   1        I2C_Start();
  29   1        I2C_SendData(Device_Address_DS3231_EEPROM);
  30   1        I2C_RecvACK();
  31   1        I2C_SendData(Address);
  32   1        I2C_RecvACK();
  33   1      
  34   1        for(i=0;i<NoOfBytes;i++)
  35   1        {
  36   2          I2C_SendData(pData[i]);
  37   2          I2C_RecvACK();
  38   2        }
  39   1        I2C_Stop();
  40   1      }


MODULE INFORMATION:   STATIC OVERLAYABLE
   CODE SIZE        =    179    ----
   CONSTANT SIZE    =   ----    ----
   XDATA SIZE       =   ----       2
   PDATA SIZE       =   ----    ----
   DATA SIZE        =   ----      10
   IDATA SIZE       =   ----    ----
   BIT SIZE         =   ----    ----
END OF MODULE INFORMATION.


C51 COMPILATION COMPLETE.  0 WARNING(S),  0 ERROR(S)
